D:\source\TheJoeFin\MagicCropAndMeasure\MagickCrop-Package\MagickCrop-Package.wapproj : warning NU1503: Skipping restore for project 'D:\source\TheJoeFin\MagicCropAndMeasure\MagickCrop-Package\MagickCrop-Package.wapproj'. The project file may be invalid or missing targets required for restore. [D:\source\TheJoeFin\MagicCropAndMeasure\MagickCrop.sln]
  Determining projects to restore...
D:\source\TheJoeFin\MagicCropAndMeasure\MagickCrop\MagickCrop.csproj : warning NU1510: PackageReference System.Drawing.Common will not be pruned. Consider removing this package from your dependencies, as it is likely unnecessary. [D:\source\TheJoeFin\MagicCropAndMeasure\MagickCrop.sln]
D:\source\TheJoeFin\MagicCropAndMeasure\MagickCrop\MagickCrop.csproj : warning NU1510: PackageReference System.Private.Uri will not be pruned. Consider removing this package from your dependencies, as it is likely unnecessary. [D:\source\TheJoeFin\MagicCropAndMeasure\MagickCrop.sln]
  All projects are up-to-date for restore.
D:\source\TheJoeFin\MagicCropAndMeasure\MagickCrop-Package\MagickCrop-Package.wapproj(51,3): error MSB4019: The imported project "C:\Program Files\dotnet\sdk\10.0.102\Microsoft\DesktopBridge\Microsoft.DesktopBridge.props" was not found. Confirm that the expression in the Import declaration "$(WapProjPath)\Microsoft.DesktopBridge.props", which evaluated to "C:\Program Files\dotnet\sdk\10.0.102\\Microsoft\DesktopBridge\\Microsoft.DesktopBridge.props", is correct, and that the file exists on disk.
D:\source\TheJoeFin\MagicCropAndMeasure\MagickCrop\MagickCrop.csproj : warning NU1510: PackageReference System.Drawing.Common will not be pruned. Consider removing this package from your dependencies, as it is likely unnecessary.
D:\source\TheJoeFin\MagicCropAndMeasure\MagickCrop\MagickCrop.csproj : warning NU1510: PackageReference System.Private.Uri will not be pruned. Consider removing this package from your dependencies, as it is likely unnecessary.
C:\Program Files\dotnet\sdk\10.0.102\Sdks\Microsoft.NET.Sdk\targets\Microsoft.NET.Sdk.DefaultItems.targets(158,5): warning NETSDK1137: It is no longer necessary to use the Microsoft.NET.Sdk.WindowsDesktop SDK. Consider changing the Sdk attribute of the root Project element to 'Microsoft.NET.Sdk'. [D:\source\TheJoeFin\MagicCropAndMeasure\MagickCrop.Tests\MagickCrop.Tests.csproj]
  MagickCrop -> D:\source\TheJoeFin\MagicCropAndMeasure\MagickCrop\bin\ARM64\Debug\net10.0-windows10.0.20348.0\MagickCrop.dll
D:\source\TheJoeFin\MagicCropAndMeasure\MagickCrop.Tests\Base\ServiceTestBase.cs(217,26): error CS0115: 'ServiceTestBase.TestCleanup()': no suitable method found to override [D:\source\TheJoeFin\MagicCropAndMeasure\MagickCrop.Tests\MagickCrop.Tests.csproj]
D:\source\TheJoeFin\MagicCropAndMeasure\MagickCrop.Tests\Helpers\PropertyChangedHelper.cs(58,12): error CS0246: The type or namespace name 'IReadOnlyList<>' could not be found (are you missing a using directive or an assembly reference?) [D:\source\TheJoeFin\MagicCropAndMeasure\MagickCrop.Tests\MagickCrop.Tests.csproj]
D:\source\TheJoeFin\MagicCropAndMeasure\MagickCrop.Tests\Base\ServiceTestBase.cs(177,22): error CS0246: The type or namespace name 'List<>' could not be found (are you missing a using directive or an assembly reference?) [D:\source\TheJoeFin\MagicCropAndMeasure\MagickCrop.Tests\MagickCrop.Tests.csproj]
D:\source\TheJoeFin\MagicCropAndMeasure\MagickCrop.Tests\Base\ServiceTestBase.cs(178,22): error CS0246: The type or namespace name 'List<>' could not be found (are you missing a using directive or an assembly reference?) [D:\source\TheJoeFin\MagicCropAndMeasure\MagickCrop.Tests\MagickCrop.Tests.csproj]
D:\source\TheJoeFin\MagicCropAndMeasure\MagickCrop.Tests\Helpers\PropertyChangedHelper.cs(77,12): error CS0246: The type or namespace name 'IReadOnlyDictionary<,>' could not be found (are you missing a using directive or an assembly reference?) [D:\source\TheJoeFin\MagicCropAndMeasure\MagickCrop.Tests\MagickCrop.Tests.csproj]
D:\source\TheJoeFin\MagicCropAndMeasure\MagickCrop.Tests\Helpers\PropertyChangedHelper.cs(77,40): error CS0246: The type or namespace name 'IReadOnlyList<>' could not be found (are you missing a using directive or an assembly reference?) [D:\source\TheJoeFin\MagicCropAndMeasure\MagickCrop.Tests\MagickCrop.Tests.csproj]
D:\source\TheJoeFin\MagicCropAndMeasure\MagickCrop.Tests\Base\ServiceTestBase.cs(217,26): error CS0111: Type 'ServiceTestBase' already defines a member called 'TestCleanup' with the same parameter types [D:\source\TheJoeFin\MagicCropAndMeasure\MagickCrop.Tests\MagickCrop.Tests.csproj]
D:\source\TheJoeFin\MagicCropAndMeasure\MagickCrop.Tests\Helpers\PropertyChangedHelper.cs(51,22): error CS0246: The type or namespace name 'Dictionary<,>' could not be found (are you missing a using directive or an assembly reference?) [D:\source\TheJoeFin\MagicCropAndMeasure\MagickCrop.Tests\MagickCrop.Tests.csproj]
D:\source\TheJoeFin\MagicCropAndMeasure\MagickCrop.Tests\Helpers\PropertyChangedHelper.cs(51,41): error CS0246: The type or namespace name 'List<>' could not be found (are you missing a using directive or an assembly reference?) [D:\source\TheJoeFin\MagicCropAndMeasure\MagickCrop.Tests\MagickCrop.Tests.csproj]
D:\source\TheJoeFin\MagicCropAndMeasure\MagickCrop.Tests\Helpers\TestDataBuilder.cs(15,19): error CS0246: The type or namespace name 'PackageMetadata' could not be found (are you missing a using directive or an assembly reference?) [D:\source\TheJoeFin\MagicCropAndMeasure\MagickCrop.Tests\MagickCrop.Tests.csproj]
D:\source\TheJoeFin\MagicCropAndMeasure\MagickCrop.Tests\Helpers\TestDataBuilder.cs(70,26): error CS0246: The type or namespace name 'PackageMetadata' could not be found (are you missing a using directive or an assembly reference?) [D:\source\TheJoeFin\MagicCropAndMeasure\MagickCrop.Tests\MagickCrop.Tests.csproj]
D:\source\TheJoeFin\MagicCropAndMeasure\MagickCrop.Tests\Helpers\TestDataBuilder.cs(146,16): error CS0246: The type or namespace name 'PackageMetadata' could not be found (are you missing a using directive or an assembly reference?) [D:\source\TheJoeFin\MagicCropAndMeasure\MagickCrop.Tests\MagickCrop.Tests.csproj]

Build FAILED.

D:\source\TheJoeFin\MagicCropAndMeasure\MagickCrop-Package\MagickCrop-Package.wapproj : warning NU1503: Skipping restore for project 'D:\source\TheJoeFin\MagicCropAndMeasure\MagickCrop-Package\MagickCrop-Package.wapproj'. The project file may be invalid or missing targets required for restore. [D:\source\TheJoeFin\MagicCropAndMeasure\MagickCrop.sln]
D:\source\TheJoeFin\MagicCropAndMeasure\MagickCrop\MagickCrop.csproj : warning NU1510: PackageReference System.Drawing.Common will not be pruned. Consider removing this package from your dependencies, as it is likely unnecessary. [D:\source\TheJoeFin\MagicCropAndMeasure\MagickCrop.sln]
D:\source\TheJoeFin\MagicCropAndMeasure\MagickCrop\MagickCrop.csproj : warning NU1510: PackageReference System.Private.Uri will not be pruned. Consider removing this package from your dependencies, as it is likely unnecessary. [D:\source\TheJoeFin\MagicCropAndMeasure\MagickCrop.sln]
D:\source\TheJoeFin\MagicCropAndMeasure\MagickCrop\MagickCrop.csproj : warning NU1510: PackageReference System.Drawing.Common will not be pruned. Consider removing this package from your dependencies, as it is likely unnecessary.
D:\source\TheJoeFin\MagicCropAndMeasure\MagickCrop\MagickCrop.csproj : warning NU1510: PackageReference System.Private.Uri will not be pruned. Consider removing this package from your dependencies, as it is likely unnecessary.
C:\Program Files\dotnet\sdk\10.0.102\Sdks\Microsoft.NET.Sdk\targets\Microsoft.NET.Sdk.DefaultItems.targets(158,5): warning NETSDK1137: It is no longer necessary to use the Microsoft.NET.Sdk.WindowsDesktop SDK. Consider changing the Sdk attribute of the root Project element to 'Microsoft.NET.Sdk'. [D:\source\TheJoeFin\MagicCropAndMeasure\MagickCrop.Tests\MagickCrop.Tests.csproj]
D:\source\TheJoeFin\MagicCropAndMeasure\MagickCrop-Package\MagickCrop-Package.wapproj(51,3): error MSB4019: The imported project "C:\Program Files\dotnet\sdk\10.0.102\Microsoft\DesktopBridge\Microsoft.DesktopBridge.props" was not found. Confirm that the expression in the Import declaration "$(WapProjPath)\Microsoft.DesktopBridge.props", which evaluated to "C:\Program Files\dotnet\sdk\10.0.102\\Microsoft\DesktopBridge\\Microsoft.DesktopBridge.props", is correct, and that the file exists on disk.
D:\source\TheJoeFin\MagicCropAndMeasure\MagickCrop.Tests\Base\ServiceTestBase.cs(217,26): error CS0115: 'ServiceTestBase.TestCleanup()': no suitable method found to override [D:\source\TheJoeFin\MagicCropAndMeasure\MagickCrop.Tests\MagickCrop.Tests.csproj]
D:\source\TheJoeFin\MagicCropAndMeasure\MagickCrop.Tests\Helpers\PropertyChangedHelper.cs(58,12): error CS0246: The type or namespace name 'IReadOnlyList<>' could not be found (are you missing a using directive or an assembly reference?) [D:\source\TheJoeFin\MagicCropAndMeasure\MagickCrop.Tests\MagickCrop.Tests.csproj]
D:\source\TheJoeFin\MagicCropAndMeasure\MagickCrop.Tests\Base\ServiceTestBase.cs(177,22): error CS0246: The type or namespace name 'List<>' could not be found (are you missing a using directive or an assembly reference?) [D:\source\TheJoeFin\MagicCropAndMeasure\MagickCrop.Tests\MagickCrop.Tests.csproj]
D:\source\TheJoeFin\MagicCropAndMeasure\MagickCrop.Tests\Base\ServiceTestBase.cs(178,22): error CS0246: The type or namespace name 'List<>' could not be found (are you missing a using directive or an assembly reference?) [D:\source\TheJoeFin\MagicCropAndMeasure\MagickCrop.Tests\MagickCrop.Tests.csproj]
D:\source\TheJoeFin\MagicCropAndMeasure\MagickCrop.Tests\Helpers\PropertyChangedHelper.cs(77,12): error CS0246: The type or namespace name 'IReadOnlyDictionary<,>' could not be found (are you missing a using directive or an assembly reference?) [D:\source\TheJoeFin\MagicCropAndMeasure\MagickCrop.Tests\MagickCrop.Tests.csproj]
D:\source\TheJoeFin\MagicCropAndMeasure\MagickCrop.Tests\Helpers\PropertyChangedHelper.cs(77,40): error CS0246: The type or namespace name 'IReadOnlyList<>' could not be found (are you missing a using directive or an assembly reference?) [D:\source\TheJoeFin\MagicCropAndMeasure\MagickCrop.Tests\MagickCrop.Tests.csproj]
D:\source\TheJoeFin\MagicCropAndMeasure\MagickCrop.Tests\Base\ServiceTestBase.cs(217,26): error CS0111: Type 'ServiceTestBase' already defines a member called 'TestCleanup' with the same parameter types [D:\source\TheJoeFin\MagicCropAndMeasure\MagickCrop.Tests\MagickCrop.Tests.csproj]
D:\source\TheJoeFin\MagicCropAndMeasure\MagickCrop.Tests\Helpers\PropertyChangedHelper.cs(51,22): error CS0246: The type or namespace name 'Dictionary<,>' could not be found (are you missing a using directive or an assembly reference?) [D:\source\TheJoeFin\MagicCropAndMeasure\MagickCrop.Tests\MagickCrop.Tests.csproj]
D:\source\TheJoeFin\MagicCropAndMeasure\MagickCrop.Tests\Helpers\PropertyChangedHelper.cs(51,41): error CS0246: The type or namespace name 'List<>' could not be found (are you missing a using directive or an assembly reference?) [D:\source\TheJoeFin\MagicCropAndMeasure\MagickCrop.Tests\MagickCrop.Tests.csproj]
D:\source\TheJoeFin\MagicCropAndMeasure\MagickCrop.Tests\Helpers\TestDataBuilder.cs(15,19): error CS0246: The type or namespace name 'PackageMetadata' could not be found (are you missing a using directive or an assembly reference?) [D:\source\TheJoeFin\MagicCropAndMeasure\MagickCrop.Tests\MagickCrop.Tests.csproj]
D:\source\TheJoeFin\MagicCropAndMeasure\MagickCrop.Tests\Helpers\TestDataBuilder.cs(70,26): error CS0246: The type or namespace name 'PackageMetadata' could not be found (are you missing a using directive or an assembly reference?) [D:\source\TheJoeFin\MagicCropAndMeasure\MagickCrop.Tests\MagickCrop.Tests.csproj]
D:\source\TheJoeFin\MagicCropAndMeasure\MagickCrop.Tests\Helpers\TestDataBuilder.cs(146,16): error CS0246: The type or namespace name 'PackageMetadata' could not be found (are you missing a using directive or an assembly reference?) [D:\source\TheJoeFin\MagicCropAndMeasure\MagickCrop.Tests\MagickCrop.Tests.csproj]
    6 Warning(s)
    13 Error(s)

Time Elapsed 00:00:02.35
